../Core/Src/main.c:126:5:DetectMovement	88	static
../Core/Src/main.c:169:6:PrintInitialGrid	80	static
../Core/Src/main.c:187:6:PrintTreasureGrid	192	static
../Core/Src/main.c:233:6:Move	240	static
../Core/Src/main.c:346:5:main	16	static
../Core/Src/main.c:418:6:SystemClock_Config	96	static
../Core/Src/main.c:469:13:MX_DAC1_Init	48	static
../Core/Src/main.c:521:13:MX_I2C1_Init	8	static
../Core/Src/main.c:569:13:MX_TIM2_Init	40	static
../Core/Src/main.c:617:13:MX_USART1_UART_Init	8	static
../Core/Src/main.c:663:13:MX_DMA_Init	16	static
../Core/Src/main.c:682:13:MX_GPIO_Init	16	static
../Core/Src/main.c:707:6:HAL_TIM_PeriodElapsedCallback	16	static
../Core/Src/main.c:724:6:Error_Handler	4	static,ignoring_inline_asm
