../Core/Src/main.c:85:5:DetectMovement	88	static
../Core/Src/main.c:128:6:PrintInitialGrid	80	static
../Core/Src/main.c:146:6:PrintTreasureGrid	152	static
../Core/Src/main.c:180:6:Move	64	static
../Core/Src/main.c:238:5:main	16	static
../Core/Src/main.c:296:6:SystemClock_Config	96	static
../Core/Src/main.c:347:13:MX_USART1_UART_Init	8	static
../Core/Src/main.c:395:13:MX_GPIO_Init	16	static
../Core/Src/main.c:419:6:HAL_TIM_PeriodElapsedCallback	16	static
../Core/Src/main.c:436:6:Error_Handler	4	static,ignoring_inline_asm
